../Src/main.c:62:6:SystemInit	1
../Src/main.c:66:6:SysTick_Handler	1
../Src/main.c:71:6:USART2_IRQHandler	6
../Src/main.c:88:10:get_tick	1
../Src/main.c:93:5:str_to_int	3
../Src/main.c:103:6:pll_init	4
../Src/main.c:128:6:systick_init	1
../Src/main.c:135:6:usart2_init	1
../Src/main.c:159:6:tim3_pwm_init	1
../Src/main.c:205:6:servo_set_angle	1
../Src/main.c:212:6:usart2_transmit	2
../Src/main.c:218:6:usart2_send_string	2
../Src/main.c:225:6:usart2_send_number	4
../Src/main.c:234:5:main	8
